==== CPU INFO ====
SLURM_CPUS_ON_NODE: 14
SLURM_CPUS_PER_TASK: 14
CPU affinity: [0, 1, 2, 3, 4, 5, 6, 8, 9, 10, 11, 12, 13, 14]
Usable cores: 14
os.cpu_count(): 16
===================
Using cpu device
Logging to runs/humanoid-v5_ppo_lr1e-04_seed0_20251211-121612/logs/PPO_1
---------------------------------
| rollout/           |          |
|    ep_len_mean     | 22.6     |
|    ep_rew_mean     | 101      |
| time/              |          |
|    fps             | 1127     |
|    iterations      | 1        |
|    time_elapsed    | 101      |
|    total_timesteps | 114688   |
---------------------------------
-----------------------------------------
| rollout/                |             |
|    ep_len_mean          | 22.1        |
|    ep_rew_mean          | 98.2        |
| time/                   |             |
|    fps                  | 1020        |
|    iterations           | 2           |
|    time_elapsed         | 224         |
|    total_timesteps      | 229376      |
| train/                  |             |
|    approx_kl            | 0.007683138 |
|    clip_fraction        | 0.161       |
|    clip_range           | 0.15        |
|    entropy_loss         | -24.2       |
|    explained_variance   | -0.72       |
|    learning_rate        | 0.0001      |
|    loss                 | -0.215      |
|    n_updates            | 15          |
|    policy_gradient_loss | -0.0128     |
|    std                  | 1           |
|    value_loss           | 0.1         |
-----------------------------------------
-----------------------------------------
| rollout/                |             |
|    ep_len_mean          | 24.1        |
|    ep_rew_mean          | 108         |
| time/                   |             |
|    fps                  | 983         |
|    iterations           | 3           |
|    time_elapsed         | 349         |
|    total_timesteps      | 344064      |
| train/                  |             |
|    approx_kl            | 0.008503962 |
|    clip_fraction        | 0.193       |
|    clip_range           | 0.15        |
|    entropy_loss         | -24.2       |
|    explained_variance   | 0.68        |
|    learning_rate        | 0.0001      |
|    loss                 | -0.232      |
|    n_updates            | 30          |
|    policy_gradient_loss | -0.0184     |
|    std                  | 1.01        |
|    value_loss           | 0.0374      |
-----------------------------------------
-----------------------------------------
| rollout/                |             |
|    ep_len_mean          | 27.8        |
|    ep_rew_mean          | 124         |
| time/                   |             |
|    fps                  | 960         |
|    iterations           | 4           |
|    time_elapsed         | 477         |
|    total_timesteps      | 458752      |
| train/                  |             |
|    approx_kl            | 0.011315263 |
|    clip_fraction        | 0.265       |
|    clip_range           | 0.15        |
|    entropy_loss         | -24.3       |
|    explained_variance   | 0.835       |
|    learning_rate        | 0.0001      |
|    loss                 | -0.208      |
|    n_updates            | 45          |
|    policy_gradient_loss | -0.027      |
|    std                  | 1.01        |
|    value_loss           | 0.0722      |
-----------------------------------------
Eval num_timesteps=499996, episode_reward=368.07 +/- 33.59
Episode length: 82.00 +/- 7.43
-----------------------------------------
| eval/                   |             |
|    mean_ep_length       | 82          |
|    mean_reward          | 368         |
| time/                   |             |
|    total_timesteps      | 499996      |
| train/                  |             |
|    approx_kl            | 0.012441973 |
|    clip_fraction        | 0.288       |
|    clip_range           | 0.15        |
|    entropy_loss         | -24.3       |
|    explained_variance   | 0.844       |
|    learning_rate        | 0.0001      |
|    loss                 | -0.178      |
|    n_updates            | 60          |
|    policy_gradient_loss | -0.0296     |
|    std                  | 1.01        |
|    value_loss           | 0.111       |
-----------------------------------------
New best mean reward!
---------------------------------
| rollout/           |          |
|    ep_len_mean     | 33.2     |
|    ep_rew_mean     | 149      |
| time/              |          |
|    fps             | 946      |
|    iterations      | 5        |
|    time_elapsed    | 605      |
|    total_timesteps | 573440   |
---------------------------------
-----------------------------------------
| rollout/                |             |
|    ep_len_mean          | 40.6        |
|    ep_rew_mean          | 184         |
| time/                   |             |
|    fps                  | 935         |
|    iterations           | 6           |
|    time_elapsed         | 735         |
|    total_timesteps      | 688128      |
| train/                  |             |
|    approx_kl            | 0.012531934 |
|    clip_fraction        | 0.285       |
|    clip_range           | 0.15        |
|    entropy_loss         | -24.3       |
|    explained_variance   | 0.842       |
|    learning_rate        | 0.0001      |
|    loss                 | -0.152      |
|    n_updates            | 75          |
|    policy_gradient_loss | -0.0293     |
|    std                  | 1.01        |
|    value_loss           | 0.131       |
-----------------------------------------
----------------------------------------
| rollout/                |            |
|    ep_len_mean          | 46.1       |
|    ep_rew_mean          | 208        |
| time/                   |            |
|    fps                  | 928        |
|    iterations           | 7          |
|    time_elapsed         | 864        |
|    total_timesteps      | 802816     |
| train/                  |            |
|    approx_kl            | 0.01224445 |
|    clip_fraction        | 0.279      |
|    clip_range           | 0.15       |
|    entropy_loss         | -24.3      |
|    explained_variance   | 0.85       |
|    learning_rate        | 0.0001     |
|    loss                 | -0.142     |
|    n_updates            | 90         |
|    policy_gradient_loss | -0.0288    |
|    std                  | 1.01       |
|    value_loss           | 0.136      |
----------------------------------------
-----------------------------------------
| rollout/                |             |
|    ep_len_mean          | 52.4        |
|    ep_rew_mean          | 240         |
| time/                   |             |
|    fps                  | 922         |
|    iterations           | 8           |
|    time_elapsed         | 994         |
|    total_timesteps      | 917504      |
| train/                  |             |
|    approx_kl            | 0.012126463 |
|    clip_fraction        | 0.273       |
|    clip_range           | 0.15        |
|    entropy_loss         | -24.3       |
|    explained_variance   | 0.87        |
|    learning_rate        | 0.0001      |
|    loss                 | -0.164      |
|    n_updates            | 105         |
|    policy_gradient_loss | -0.0275     |
|    std                  | 1.01        |
|    value_loss           | 0.122       |
-----------------------------------------
Eval num_timesteps=999992, episode_reward=572.09 +/- 86.39
Episode length: 110.80 +/- 14.30
------------------------------------------
| eval/                   |              |
|    mean_ep_length       | 111          |
|    mean_reward          | 572          |
| time/                   |              |
|    total_timesteps      | 999992       |
| train/                  |              |
|    approx_kl            | 0.0117399525 |
|    clip_fraction        | 0.261        |
|    clip_range           | 0.15         |
|    entropy_loss         | -24.3        |
|    explained_variance   | 0.887        |
|    learning_rate        | 0.0001       |
|    loss                 | -0.139       |
|    n_updates            | 120          |
|    policy_gradient_loss | -0.0262      |
|    std                  | 1.01         |
|    value_loss           | 0.106        |
------------------------------------------
New best mean reward!
---------------------------------
| rollout/           |          |
|    ep_len_mean     | 58.8     |
|    ep_rew_mean     | 269      |
| time/              |          |
|    fps             | 917      |
|    iterations      | 9        |
|    time_elapsed    | 1125     |
|    total_timesteps | 1032192  |
---------------------------------
----------------------------------------
| rollout/                |            |
|    ep_len_mean          | 64.3       |
|    ep_rew_mean          | 299        |
| time/                   |            |
|    fps                  | 912        |
|    iterations           | 10         |
|    time_elapsed         | 1256       |
|    total_timesteps      | 1146880    |
| train/                  |            |
|    approx_kl            | 0.01060384 |
|    clip_fraction        | 0.242      |
|    clip_range           | 0.15       |
|    entropy_loss         | -24.3      |
|    explained_variance   | 0.907      |
|    learning_rate        | 0.0001     |
|    loss                 | -0.188     |
|    n_updates            | 135        |
|    policy_gradient_loss | -0.0236    |
|    std                  | 1.01       |
|    value_loss           | 0.0843     |
----------------------------------------
-----------------------------------------
| rollout/                |             |
|    ep_len_mean          | 70.8        |
|    ep_rew_mean          | 330         |
| time/                   |             |
|    fps                  | 909         |
|    iterations           | 11          |
|    time_elapsed         | 1387        |
|    total_timesteps      | 1261568     |
| train/                  |             |
|    approx_kl            | 0.010524101 |
|    clip_fraction        | 0.231       |
|    clip_range           | 0.15        |
|    entropy_loss         | -24.3       |
|    explained_variance   | 0.927       |
|    learning_rate        | 0.0001      |
|    loss                 | -0.201      |
|    n_updates            | 150         |
|    policy_gradient_loss | -0.022      |
|    std                  | 1.01        |
|    value_loss           | 0.0671      |
-----------------------------------------
-----------------------------------------
| rollout/                |             |
|    ep_len_mean          | 72.5        |
|    ep_rew_mean          | 342         |
| time/                   |             |
|    fps                  | 906         |
|    iterations           | 12          |
|    time_elapsed         | 1517        |
|    total_timesteps      | 1376256     |
| train/                  |             |
|    approx_kl            | 0.010055246 |
|    clip_fraction        | 0.22        |
|    clip_range           | 0.15        |
|    entropy_loss         | -24.4       |
|    explained_variance   | 0.942       |
|    learning_rate        | 0.0001      |
|    loss                 | -0.233      |
|    n_updates            | 165         |
|    policy_gradient_loss | -0.0206     |
|    std                  | 1.02        |
|    value_loss           | 0.0544      |
-----------------------------------------
-----------------------------------------
| rollout/                |             |
|    ep_len_mean          | 75.3        |
|    ep_rew_mean          | 351         |
| time/                   |             |
|    fps                  | 904         |
|    iterations           | 13          |
|    time_elapsed         | 1648        |
|    total_timesteps      | 1490944     |
| train/                  |             |
|    approx_kl            | 0.009840668 |
|    clip_fraction        | 0.212       |
|    clip_range           | 0.15        |
|    entropy_loss         | -24.4       |
|    explained_variance   | 0.952       |
|    learning_rate        | 0.0001      |
|    loss                 | -0.225      |
|    n_updates            | 180         |
|    policy_gradient_loss | -0.0195     |
|    std                  | 1.02        |
|    value_loss           | 0.0466      |
-----------------------------------------
Eval num_timesteps=1499988, episode_reward=356.59 +/- 18.83
Episode length: 66.40 +/- 3.83
-----------------------------------------
| eval/                   |             |
|    mean_ep_length       | 66.4        |
|    mean_reward          | 357         |
| time/                   |             |
|    total_timesteps      | 1499988     |
| train/                  |             |
|    approx_kl            | 0.009715078 |
|    clip_fraction        | 0.206       |
|    clip_range           | 0.15        |
|    entropy_loss         | -24.4       |
|    explained_variance   | 0.959       |
|    learning_rate        | 0.0001      |
|    loss                 | -0.236      |
|    n_updates            | 195         |
|    policy_gradient_loss | -0.0186     |
|    std                  | 1.02        |
|    value_loss           | 0.0407      |
-----------------------------------------
---------------------------------
| rollout/           |          |
|    ep_len_mean     | 77.9     |
|    ep_rew_mean     | 369      |
| time/              |          |
|    fps             | 901      |
|    iterations      | 14       |
|    time_elapsed    | 1780     |
|    total_timesteps | 1605632  |
---------------------------------
-----------------------------------------
| rollout/                |             |
|    ep_len_mean          | 78.5        |
|    ep_rew_mean          | 376         |
| time/                   |             |
|    fps                  | 900         |
|    iterations           | 15          |
|    time_elapsed         | 1911        |
|    total_timesteps      | 1720320     |
| train/                  |             |
|    approx_kl            | 0.009848384 |
|    clip_fraction        | 0.206       |
|    clip_range           | 0.15        |
|    entropy_loss         | -24.5       |
|    explained_variance   | 0.962       |
|    learning_rate        | 0.0001      |
|    loss                 | -0.24       |
|    n_updates            | 210         |
|    policy_gradient_loss | -0.0182     |
|    std                  | 1.02        |
|    value_loss           | 0.0371      |
-----------------------------------------
-----------------------------------------
| rollout/                |             |
|    ep_len_mean          | 83.2        |
|    ep_rew_mean          | 398         |
| time/                   |             |
|    fps                  | 897         |
|    iterations           | 16          |
|    time_elapsed         | 2043        |
|    total_timesteps      | 1835008     |
| train/                  |             |
|    approx_kl            | 0.009791638 |
|    clip_fraction        | 0.204       |
|    clip_range           | 0.15        |
|    entropy_loss         | -24.5       |
|    explained_variance   | 0.963       |
|    learning_rate        | 0.0001      |
|    loss                 | -0.229      |
|    n_updates            | 225         |
|    policy_gradient_loss | -0.0172     |
|    std                  | 1.02        |
|    value_loss           | 0.0347      |
-----------------------------------------
----------------------------------------
| rollout/                |            |
|    ep_len_mean          | 77.9       |
|    ep_rew_mean          | 377        |
| time/                   |            |
|    fps                  | 896        |
|    iterations           | 17         |
|    time_elapsed         | 2174       |
|    total_timesteps      | 1949696    |
| train/                  |            |
|    approx_kl            | 0.00992316 |
|    clip_fraction        | 0.207      |
|    clip_range           | 0.15       |
|    entropy_loss         | -24.5      |
|    explained_variance   | 0.965      |
|    learning_rate        | 0.0001     |
|    loss                 | -0.239     |
|    n_updates            | 240        |
|    policy_gradient_loss | -0.0175    |
|    std                  | 1.03       |
|    value_loss           | 0.0337     |
----------------------------------------
Eval num_timesteps=1999984, episode_reward=355.01 +/- 16.31
Episode length: 65.80 +/- 3.06
-----------------------------------------
| eval/                   |             |
|    mean_ep_length       | 65.8        |
|    mean_reward          | 355         |
| time/                   |             |
|    total_timesteps      | 1999984     |
| train/                  |             |
|    approx_kl            | 0.010161005 |
|    clip_fraction        | 0.212       |
|    clip_range           | 0.15        |
|    entropy_loss         | -24.6       |
|    explained_variance   | 0.967       |
|    learning_rate        | 0.0001      |
|    loss                 | -0.245      |
|    n_updates            | 255         |
|    policy_gradient_loss | -0.0175     |
|    std                  | 1.03        |
|    value_loss           | 0.0319      |
-----------------------------------------
---------------------------------
| rollout/           |          |
|    ep_len_mean     | 81.2     |
|    ep_rew_mean     | 389      |
| time/              |          |
|    fps             | 895      |
|    iterations      | 18       |
|    time_elapsed    | 2306     |
|    total_timesteps | 2064384  |
---------------------------------
-----------------------------------------
| rollout/                |             |
|    ep_len_mean          | 86.7        |
|    ep_rew_mean          | 417         |
| time/                   |             |
|    fps                  | 893         |
|    iterations           | 19          |
|    time_elapsed         | 2437        |
|    total_timesteps      | 2179072     |
| train/                  |             |
|    approx_kl            | 0.009998561 |
|    clip_fraction        | 0.207       |
|    clip_range           | 0.15        |
|    entropy_loss         | -24.6       |
|    explained_variance   | 0.967       |
|    learning_rate        | 0.0001      |
|    loss                 | -0.239      |
|    n_updates            | 270         |
|    policy_gradient_loss | -0.0168     |
|    std                  | 1.03        |
|    value_loss           | 0.0304      |
-----------------------------------------
-----------------------------------------
| rollout/                |             |
|    ep_len_mean          | 86.5        |
|    ep_rew_mean          | 420         |
| time/                   |             |
|    fps                  | 893         |
|    iterations           | 20          |
|    time_elapsed         | 2568        |
|    total_timesteps      | 2293760     |
| train/                  |             |
|    approx_kl            | 0.010402335 |
|    clip_fraction        | 0.213       |
|    clip_range           | 0.15        |
|    entropy_loss         | -24.7       |
|    explained_variance   | 0.968       |
|    learning_rate        | 0.0001      |
|    loss                 | -0.257      |
|    n_updates            | 285         |
|    policy_gradient_loss | -0.0173     |
|    std                  | 1.03        |
|    value_loss           | 0.0285      |
-----------------------------------------
-----------------------------------------
| rollout/                |             |
|    ep_len_mean          | 84.6        |
|    ep_rew_mean          | 409         |
| time/                   |             |
|    fps                  | 892         |
|    iterations           | 21          |
|    time_elapsed         | 2699        |
|    total_timesteps      | 2408448     |
| train/                  |             |
|    approx_kl            | 0.010666004 |
|    clip_fraction        | 0.218       |
|    clip_range           | 0.15        |
|    entropy_loss         | -24.7       |
|    explained_variance   | 0.969       |
|    learning_rate        | 0.0001      |
|    loss                 | -0.25       |
|    n_updates            | 300         |
|    policy_gradient_loss | -0.0173     |
|    std                  | 1.04        |
|    value_loss           | 0.0281      |
-----------------------------------------
Eval num_timesteps=2499980, episode_reward=383.61 +/- 20.70
Episode length: 74.20 +/- 4.49
-----------------------------------------
| eval/                   |             |
|    mean_ep_length       | 74.2        |
|    mean_reward          | 384         |
| time/                   |             |
|    total_timesteps      | 2499980     |
| train/                  |             |
|    approx_kl            | 0.010576026 |
|    clip_fraction        | 0.219       |
|    clip_range           | 0.15        |
|    entropy_loss         | -24.8       |
|    explained_variance   | 0.969       |
|    learning_rate        | 0.0001      |
|    loss                 | -0.253      |
|    n_updates            | 315         |
|    policy_gradient_loss | -0.0175     |
|    std                  | 1.04        |
|    value_loss           | 0.0271      |
-----------------------------------------
---------------------------------
| rollout/           |          |
|    ep_len_mean     | 88.1     |
|    ep_rew_mean     | 430      |
| time/              |          |
|    fps             | 891      |
|    iterations      | 22       |
|    time_elapsed    | 2831     |
|    total_timesteps | 2523136  |
---------------------------------
-----------------------------------------
| rollout/                |             |
|    ep_len_mean          | 92.1        |
|    ep_rew_mean          | 452         |
| time/                   |             |
|    fps                  | 889         |
|    iterations           | 23          |
|    time_elapsed         | 2964        |
|    total_timesteps      | 2637824     |
| train/                  |             |
|    approx_kl            | 0.010611481 |
|    clip_fraction        | 0.22        |
|    clip_range           | 0.15        |
|    entropy_loss         | -24.8       |
|    explained_variance   | 0.97        |
|    learning_rate        | 0.0001      |
|    loss                 | -0.244      |
|    n_updates            | 330         |
|    policy_gradient_loss | -0.0171     |
|    std                  | 1.04        |
|    value_loss           | 0.0262      |
-----------------------------------------
-----------------------------------------
| rollout/                |             |
|    ep_len_mean          | 88.8        |
|    ep_rew_mean          | 434         |
| time/                   |             |
|    fps                  | 888         |
|    iterations           | 24          |
|    time_elapsed         | 3096        |
|    total_timesteps      | 2752512     |
| train/                  |             |
|    approx_kl            | 0.010715422 |
|    clip_fraction        | 0.219       |
|    clip_range           | 0.15        |
|    entropy_loss         | -24.8       |
|    explained_variance   | 0.97        |
|    learning_rate        | 0.0001      |
|    loss                 | -0.244      |
|    n_updates            | 345         |
|    policy_gradient_loss | -0.0172     |
|    std                  | 1.04        |
|    value_loss           | 0.0252      |
-----------------------------------------
-----------------------------------------
| rollout/                |             |
|    ep_len_mean          | 97.8        |
|    ep_rew_mean          | 469         |
| time/                   |             |
|    fps                  | 888         |
|    iterations           | 25          |
|    time_elapsed         | 3228        |
|    total_timesteps      | 2867200     |
| train/                  |             |
|    approx_kl            | 0.010968745 |
|    clip_fraction        | 0.223       |
|    clip_range           | 0.15        |
|    entropy_loss         | -24.9       |
|    explained_variance   | 0.971       |
|    learning_rate        | 0.0001      |
|    loss                 | -0.242      |
|    n_updates            | 360         |
|    policy_gradient_loss | -0.0172     |
|    std                  | 1.05        |
|    value_loss           | 0.0247      |
-----------------------------------------
-----------------------------------------
| rollout/                |             |
|    ep_len_mean          | 94.7        |
|    ep_rew_mean          | 462         |
| time/                   |             |
|    fps                  | 887         |
|    iterations           | 26          |
|    time_elapsed         | 3360        |
|    total_timesteps      | 2981888     |
| train/                  |             |
|    approx_kl            | 0.010891148 |
|    clip_fraction        | 0.222       |
|    clip_range           | 0.15        |
|    entropy_loss         | -24.9       |
|    explained_variance   | 0.972       |
|    learning_rate        | 0.0001      |
|    loss                 | -0.242      |
|    n_updates            | 375         |
|    policy_gradient_loss | -0.0171     |
|    std                  | 1.05        |
|    value_loss           | 0.0233      |
-----------------------------------------
Eval num_timesteps=2999976, episode_reward=432.30 +/- 25.08
Episode length: 80.80 +/- 4.79
-----------------------------------------
| eval/                   |             |
|    mean_ep_length       | 80.8        |
|    mean_reward          | 432         |
| time/                   |             |
|    total_timesteps      | 2999976     |
| train/                  |             |
|    approx_kl            | 0.011359288 |
|    clip_fraction        | 0.23        |
|    clip_range           | 0.15        |
|    entropy_loss         | -24.9       |
|    explained_variance   | 0.973       |
|    learning_rate        | 0.0001      |
|    loss                 | -0.26       |
|    n_updates            | 390         |
|    policy_gradient_loss | -0.0172     |
|    std                  | 1.05        |
|    value_loss           | 0.0227      |
-----------------------------------------
---------------------------------
| rollout/           |          |
|    ep_len_mean     | 98.2     |
|    ep_rew_mean     | 476      |
| time/              |          |
|    fps             | 886      |
|    iterations      | 27       |
|    time_elapsed    | 3494     |
|    total_timesteps | 3096576  |
---------------------------------
-----------------------------------------
| rollout/                |             |
|    ep_len_mean          | 96.6        |
|    ep_rew_mean          | 470         |
| time/                   |             |
|    fps                  | 885         |
|    iterations           | 28          |
|    time_elapsed         | 3625        |
|    total_timesteps      | 3211264     |
| train/                  |             |
|    approx_kl            | 0.011292165 |
|    clip_fraction        | 0.232       |
|    clip_range           | 0.15        |
|    entropy_loss         | -25         |
|    explained_variance   | 0.972       |
|    learning_rate        | 0.0001      |
|    loss                 | -0.245      |
|    n_updates            | 405         |
|    policy_gradient_loss | -0.0173     |
|    std                  | 1.05        |
|    value_loss           | 0.0235      |
-----------------------------------------
-----------------------------------------
| rollout/                |             |
|    ep_len_mean          | 98.5        |
|    ep_rew_mean          | 482         |
| time/                   |             |
|    fps                  | 885         |
|    iterations           | 29          |
|    time_elapsed         | 3756        |
|    total_timesteps      | 3325952     |
| train/                  |             |
|    approx_kl            | 0.011406011 |
|    clip_fraction        | 0.233       |
|    clip_range           | 0.15        |
|    entropy_loss         | -25         |
|    explained_variance   | 0.972       |
|    learning_rate        | 0.0001      |
|    loss                 | -0.256      |
|    n_updates            | 420         |
|    policy_gradient_loss | -0.0175     |
|    std                  | 1.06        |
|    value_loss           | 0.0231      |
-----------------------------------------
-----------------------------------------
| rollout/                |             |
|    ep_len_mean          | 97.3        |
|    ep_rew_mean          | 481         |
| time/                   |             |
|    fps                  | 884         |
|    iterations           | 30          |
|    time_elapsed         | 3888        |
|    total_timesteps      | 3440640     |
| train/                  |             |
|    approx_kl            | 0.011430207 |
|    clip_fraction        | 0.232       |
|    clip_range           | 0.15        |
|    entropy_loss         | -25.1       |
|    explained_variance   | 0.972       |
|    learning_rate        | 0.0001      |
|    loss                 | -0.246      |
|    n_updates            | 435         |
|    policy_gradient_loss | -0.0171     |
|    std                  | 1.06        |
|    value_loss           | 0.0229      |
-----------------------------------------
Eval num_timesteps=3499972, episode_reward=451.50 +/- 15.76
Episode length: 83.80 +/- 2.40
-----------------------------------------
| eval/                   |             |
|    mean_ep_length       | 83.8        |
|    mean_reward          | 451         |
| time/                   |             |
|    total_timesteps      | 3499972     |
| train/                  |             |
|    approx_kl            | 0.011661397 |
|    clip_fraction        | 0.236       |
|    clip_range           | 0.15        |
|    entropy_loss         | -25.1       |
|    explained_variance   | 0.972       |
|    learning_rate        | 0.0001      |
|    loss                 | -0.267      |
|    n_updates            | 450         |
|    policy_gradient_loss | -0.0175     |
|    std                  | 1.06        |
|    value_loss           | 0.0223      |
-----------------------------------------
---------------------------------
| rollout/           |          |
|    ep_len_mean     | 99.5     |
|    ep_rew_mean     | 480      |
| time/              |          |
|    fps             | 884      |
|    iterations      | 31       |
|    time_elapsed    | 4020     |
|    total_timesteps | 3555328  |
---------------------------------
-----------------------------------------
| rollout/                |             |
|    ep_len_mean          | 98.6        |
|    ep_rew_mean          | 483         |
| time/                   |             |
|    fps                  | 883         |
|    iterations           | 32          |
|    time_elapsed         | 4153        |
|    total_timesteps      | 3670016     |
| train/                  |             |
|    approx_kl            | 0.011925065 |
|    clip_fraction        | 0.241       |
|    clip_range           | 0.15        |
|    entropy_loss         | -25.2       |
|    explained_variance   | 0.973       |
|    learning_rate        | 0.0001      |
|    loss                 | -0.256      |
|    n_updates            | 465         |
|    policy_gradient_loss | -0.0175     |
|    std                  | 1.07        |
|    value_loss           | 0.0223      |
-----------------------------------------
----------------------------------------
| rollout/                |            |
|    ep_len_mean          | 105        |
|    ep_rew_mean          | 517        |
| time/                   |            |
|    fps                  | 883        |
|    iterations           | 33         |
|    time_elapsed         | 4286       |
|    total_timesteps      | 3784704    |
| train/                  |            |
|    approx_kl            | 0.01181409 |
|    clip_fraction        | 0.239      |
|    clip_range           | 0.15       |
|    entropy_loss         | -25.2      |
|    explained_variance   | 0.973      |
|    learning_rate        | 0.0001     |
|    loss                 | -0.258     |
|    n_updates            | 480        |
|    policy_gradient_loss | -0.0175    |
|    std                  | 1.07       |
|    value_loss           | 0.0216     |
----------------------------------------
-----------------------------------------
| rollout/                |             |
|    ep_len_mean          | 110         |
|    ep_rew_mean          | 544         |
| time/                   |             |
|    fps                  | 882         |
|    iterations           | 34          |
|    time_elapsed         | 4418        |
|    total_timesteps      | 3899392     |
| train/                  |             |
|    approx_kl            | 0.012003806 |
|    clip_fraction        | 0.241       |
|    clip_range           | 0.15        |
|    entropy_loss         | -25.3       |
|    explained_variance   | 0.974       |
|    learning_rate        | 0.0001      |
|    loss                 | -0.256      |
|    n_updates            | 495         |
|    policy_gradient_loss | -0.0175     |
|    std                  | 1.07        |
|    value_loss           | 0.0216      |
-----------------------------------------
Eval num_timesteps=3999968, episode_reward=567.33 +/- 38.63
Episode length: 104.40 +/- 6.37
------------------------------------------
| eval/                   |              |
|    mean_ep_length       | 104          |
|    mean_reward          | 567          |
| time/                   |              |
|    total_timesteps      | 3999968      |
| train/                  |              |
|    approx_kl            | 0.0121247005 |
|    clip_fraction        | 0.245        |
|    clip_range           | 0.15         |
|    entropy_loss         | -25.3        |
|    explained_variance   | 0.973        |
|    learning_rate        | 0.0001       |
|    loss                 | -0.245       |
|    n_updates            | 510          |
|    policy_gradient_loss | -0.0178      |
|    std                  | 1.07         |
|    value_loss           | 0.0222       |
------------------------------------------
---------------------------------
| rollout/           |          |
|    ep_len_mean     | 109      |
|    ep_rew_mean     | 537      |
| time/              |          |
|    fps             | 881      |
|    iterations      | 35       |
|    time_elapsed    | 4552     |
|    total_timesteps | 4014080  |
---------------------------------
-----------------------------------------
| rollout/                |             |
|    ep_len_mean          | 112         |
|    ep_rew_mean          | 563         |
| time/                   |             |
|    fps                  | 881         |
|    iterations           | 36          |
|    time_elapsed         | 4684        |
|    total_timesteps      | 4128768     |
| train/                  |             |
|    approx_kl            | 0.012261122 |
|    clip_fraction        | 0.245       |
|    clip_range           | 0.15        |
|    entropy_loss         | -25.3       |
|    explained_variance   | 0.974       |
|    learning_rate        | 0.0001      |
|    loss                 | -0.24       |
|    n_updates            | 525         |
|    policy_gradient_loss | -0.0178     |
|    std                  | 1.08        |
|    value_loss           | 0.0211      |
-----------------------------------------
-----------------------------------------
| rollout/                |             |
|    ep_len_mean          | 110         |
|    ep_rew_mean          | 557         |
| time/                   |             |
|    fps                  | 880         |
|    iterations           | 37          |
|    time_elapsed         | 4816        |
|    total_timesteps      | 4243456     |
| train/                  |             |
|    approx_kl            | 0.012159245 |
|    clip_fraction        | 0.243       |
|    clip_range           | 0.15        |
|    entropy_loss         | -25.4       |
|    explained_variance   | 0.974       |
|    learning_rate        | 0.0001      |
|    loss                 | -0.243      |
|    n_updates            | 540         |
|    policy_gradient_loss | -0.0174     |
|    std                  | 1.08        |
|    value_loss           | 0.021       |
-----------------------------------------
-----------------------------------------
| rollout/                |             |
|    ep_len_mean          | 115         |
|    ep_rew_mean          | 578         |
| time/                   |             |
|    fps                  | 880         |
|    iterations           | 38          |
|    time_elapsed         | 4949        |
|    total_timesteps      | 4358144     |
| train/                  |             |
|    approx_kl            | 0.012417455 |
|    clip_fraction        | 0.248       |
|    clip_range           | 0.15        |
|    entropy_loss         | -25.4       |
|    explained_variance   | 0.974       |
|    learning_rate        | 0.0001      |
|    loss                 | -0.259      |
|    n_updates            | 555         |
|    policy_gradient_loss | -0.0176     |
|    std                  | 1.08        |
|    value_loss           | 0.021       |
-----------------------------------------
-----------------------------------------
| rollout/                |             |
|    ep_len_mean          | 121         |
|    ep_rew_mean          | 608         |
| time/                   |             |
|    fps                  | 880         |
|    iterations           | 39          |
|    time_elapsed         | 5080        |
|    total_timesteps      | 4472832     |
| train/                  |             |
|    approx_kl            | 0.012668424 |
|    clip_fraction        | 0.253       |
|    clip_range           | 0.15        |
|    entropy_loss         | -25.5       |
|    explained_variance   | 0.974       |
|    learning_rate        | 0.0001      |
|    loss                 | -0.26       |
|    n_updates            | 570         |
|    policy_gradient_loss | -0.0181     |
|    std                  | 1.09        |
|    value_loss           | 0.0212      |
-----------------------------------------
Eval num_timesteps=4499964, episode_reward=746.22 +/- 99.81
Episode length: 134.20 +/- 15.30
-----------------------------------------
| eval/                   |             |
|    mean_ep_length       | 134         |
|    mean_reward          | 746         |
| time/                   |             |
|    total_timesteps      | 4499964     |
| train/                  |             |
|    approx_kl            | 0.012595133 |
|    clip_fraction        | 0.251       |
|    clip_range           | 0.15        |
|    entropy_loss         | -25.5       |
|    explained_variance   | 0.974       |
|    learning_rate        | 0.0001      |
|    loss                 | -0.268      |
|    n_updates            | 585         |
|    policy_gradient_loss | -0.0179     |
|    std                  | 1.09        |
|    value_loss           | 0.0213      |
-----------------------------------------
New best mean reward!
---------------------------------
| rollout/           |          |
|    ep_len_mean     | 122      |
|    ep_rew_mean     | 625      |
| time/              |          |
|    fps             | 879      |
|    iterations      | 40       |
|    time_elapsed    | 5215     |
|    total_timesteps | 4587520  |
---------------------------------
-----------------------------------------
| rollout/                |             |
|    ep_len_mean          | 125         |
|    ep_rew_mean          | 631         |
| time/                   |             |
|    fps                  | 879         |
|    iterations           | 41          |
|    time_elapsed         | 5346        |
|    total_timesteps      | 4702208     |
| train/                  |             |
|    approx_kl            | 0.012870169 |
|    clip_fraction        | 0.254       |
|    clip_range           | 0.15        |
|    entropy_loss         | -25.6       |
|    explained_variance   | 0.972       |
|    learning_rate        | 0.0001      |
|    loss                 | -0.253      |
|    n_updates            | 600         |
|    policy_gradient_loss | -0.0176     |
|    std                  | 1.09        |
|    value_loss           | 0.0229      |
-----------------------------------------
----------------------------------------
| rollout/                |            |
|    ep_len_mean          | 124        |
|    ep_rew_mean          | 623        |
| time/                   |            |
|    fps                  | 879        |
|    iterations           | 42         |
|    time_elapsed         | 5477       |
|    total_timesteps      | 4816896    |
| train/                  |            |
|    approx_kl            | 0.01282311 |
|    clip_fraction        | 0.257      |
|    clip_range           | 0.15       |
|    entropy_loss         | -25.6      |
|    explained_variance   | 0.972      |
|    learning_rate        | 0.0001     |
|    loss                 | -0.27      |
|    n_updates            | 615        |
|    policy_gradient_loss | -0.0179    |
|    std                  | 1.09       |
|    value_loss           | 0.0225     |
----------------------------------------
------------------------------------------
| rollout/                |              |
|    ep_len_mean          | 126          |
|    ep_rew_mean          | 637          |
| time/                   |              |
|    fps                  | 878          |
|    iterations           | 43           |
|    time_elapsed         | 5611         |
|    total_timesteps      | 4931584      |
| train/                  |              |
|    approx_kl            | 0.0131133795 |
|    clip_fraction        | 0.26         |
|    clip_range           | 0.15         |
|    entropy_loss         | -25.7        |
|    explained_variance   | 0.972        |
|    learning_rate        | 0.0001       |
|    loss                 | -0.259       |
|    n_updates            | 630          |
|    policy_gradient_loss | -0.0181      |
|    std                  | 1.1          |
|    value_loss           | 0.0224       |
------------------------------------------
Eval num_timesteps=4999960, episode_reward=741.26 +/- 84.76
Episode length: 135.40 +/- 18.14
-----------------------------------------
| eval/                   |             |
|    mean_ep_length       | 135         |
|    mean_reward          | 741         |
| time/                   |             |
|    total_timesteps      | 4999960     |
| train/                  |             |
|    approx_kl            | 0.012850628 |
|    clip_fraction        | 0.257       |
|    clip_range           | 0.15        |
|    entropy_loss         | -25.7       |
|    explained_variance   | 0.972       |
|    learning_rate        | 0.0001      |
|    loss                 | -0.25       |
|    n_updates            | 645         |
|    policy_gradient_loss | -0.0175     |
|    std                  | 1.1         |
|    value_loss           | 0.0225      |
-----------------------------------------
---------------------------------
| rollout/           |          |
|    ep_len_mean     | 128      |
|    ep_rew_mean     | 654      |
| time/              |          |
|    fps             | 878      |
|    iterations      | 44       |
|    time_elapsed    | 5743     |
|    total_timesteps | 5046272  |
---------------------------------
-----------------------------------------
| rollout/                |             |
|    ep_len_mean          | 133         |
|    ep_rew_mean          | 692         |
| time/                   |             |
|    fps                  | 878         |
|    iterations           | 45          |
|    time_elapsed         | 5875        |
|    total_timesteps      | 5160960     |
| train/                  |             |
|    approx_kl            | 0.013141172 |
|    clip_fraction        | 0.26        |
|    clip_range           | 0.15        |
|    entropy_loss         | -25.7       |
|    explained_variance   | 0.972       |
|    learning_rate        | 0.0001      |
|    loss                 | -0.268      |
|    n_updates            | 660         |
|    policy_gradient_loss | -0.0178     |
|    std                  | 1.1         |
|    value_loss           | 0.0222      |
-----------------------------------------
-----------------------------------------
| rollout/                |             |
|    ep_len_mean          | 132         |
|    ep_rew_mean          | 667         |
| time/                   |             |
|    fps                  | 878         |
|    iterations           | 46          |
|    time_elapsed         | 6007        |
|    total_timesteps      | 5275648     |
| train/                  |             |
|    approx_kl            | 0.013423374 |
|    clip_fraction        | 0.264       |
|    clip_range           | 0.15        |
|    entropy_loss         | -25.8       |
|    explained_variance   | 0.971       |
|    learning_rate        | 0.0001      |
|    loss                 | -0.272      |
|    n_updates            | 675         |
|    policy_gradient_loss | -0.0178     |
|    std                  | 1.11        |
|    value_loss           | 0.0237      |
-----------------------------------------
-----------------------------------------
| rollout/                |             |
|    ep_len_mean          | 142         |
|    ep_rew_mean          | 740         |
| time/                   |             |
|    fps                  | 877         |
|    iterations           | 47          |
|    time_elapsed         | 6140        |
|    total_timesteps      | 5390336     |
| train/                  |             |
|    approx_kl            | 0.013041658 |
|    clip_fraction        | 0.257       |
|    clip_range           | 0.15        |
|    entropy_loss         | -25.8       |
|    explained_variance   | 0.971       |
|    learning_rate        | 0.0001      |
|    loss                 | -0.259      |
|    n_updates            | 690         |
|    policy_gradient_loss | -0.0173     |
|    std                  | 1.11        |
|    value_loss           | 0.0234      |
-----------------------------------------
Eval num_timesteps=5499956, episode_reward=1036.71 +/- 232.07
Episode length: 194.00 +/- 40.93
-----------------------------------------
| eval/                   |             |
|    mean_ep_length       | 194         |
|    mean_reward          | 1.04e+03    |
| time/                   |             |
|    total_timesteps      | 5499956     |
| train/                  |             |
|    approx_kl            | 0.013418305 |
|    clip_fraction        | 0.265       |
|    clip_range           | 0.15        |
|    entropy_loss         | -25.9       |
|    explained_variance   | 0.972       |
|    learning_rate        | 0.0001      |
|    loss                 | -0.259      |
|    n_updates            | 705         |
|    policy_gradient_loss | -0.0177     |
|    std                  | 1.11        |
|    value_loss           | 0.0229      |
-----------------------------------------
New best mean reward!
---------------------------------
| rollout/           |          |
|    ep_len_mean     | 136      |
|    ep_rew_mean     | 695      |
| time/              |          |
|    fps             | 877      |
|    iterations      | 48       |
|    time_elapsed    | 6273     |
|    total_timesteps | 5505024  |
---------------------------------
-----------------------------------------
| rollout/                |             |
|    ep_len_mean          | 144         |
|    ep_rew_mean          | 749         |
| time/                   |             |
|    fps                  | 877         |
|    iterations           | 49          |
|    time_elapsed         | 6406        |
|    total_timesteps      | 5619712     |
| train/                  |             |
|    approx_kl            | 0.013667436 |
|    clip_fraction        | 0.265       |
|    clip_range           | 0.15        |
|    entropy_loss         | -25.9       |
|    explained_variance   | 0.971       |
|    learning_rate        | 0.0001      |
|    loss                 | -0.251      |
|    n_updates            | 720         |
|    policy_gradient_loss | -0.0177     |
|    std                  | 1.11        |
|    value_loss           | 0.0229      |
-----------------------------------------
------------------------------------------
| rollout/                |              |
|    ep_len_mean          | 142          |
|    ep_rew_mean          | 737          |
| time/                   |              |
|    fps                  | 876          |
|    iterations           | 50           |
|    time_elapsed         | 6539         |
|    total_timesteps      | 5734400      |
| train/                  |              |
|    approx_kl            | 0.0135402335 |
|    clip_fraction        | 0.265        |
|    clip_range           | 0.15         |
|    entropy_loss         | -25.9        |
|    explained_variance   | 0.97         |
|    learning_rate        | 0.0001       |
|    loss                 | -0.255       |
|    n_updates            | 735          |
|    policy_gradient_loss | -0.0177      |
|    std                  | 1.12         |
|    value_loss           | 0.0233       |
------------------------------------------
-----------------------------------------
| rollout/                |             |
|    ep_len_mean          | 149         |
|    ep_rew_mean          | 774         |
| time/                   |             |
|    fps                  | 876         |
|    iterations           | 51          |
|    time_elapsed         | 6673        |
|    total_timesteps      | 5849088     |
| train/                  |             |
|    approx_kl            | 0.013924108 |
|    clip_fraction        | 0.267       |
|    clip_range           | 0.15        |
|    entropy_loss         | -26         |
|    explained_variance   | 0.969       |
|    learning_rate        | 0.0001      |
|    loss                 | -0.264      |
|    n_updates            | 750         |
|    policy_gradient_loss | -0.0179     |
|    std                  | 1.12        |
|    value_loss           | 0.0241      |
-----------------------------------------
